/Users/Documentos/MCUXpresso_SisEmb/frdmk64f_lwip_mqtt_freertos/CMSIS/core_cm4.h:1679:22:__NVIC_EnableIRQ	16	static
/Users/Documentos/MCUXpresso_SisEmb/frdmk64f_lwip_mqtt_freertos/drivers/fsl_common_arm.h:488:24:EnableIRQ	24	static
/Users/Documentos/MCUXpresso_SisEmb/frdmk64f_lwip_mqtt_freertos/drivers/fsl_gpio.h:191:20:GPIO_PortSet	16	static
/Users/Documentos/MCUXpresso_SisEmb/frdmk64f_lwip_mqtt_freertos/drivers/fsl_gpio.h:206:20:GPIO_PortClear	16	static
/Users/Documentos/MCUXpresso_SisEmb/frdmk64f_lwip_mqtt_freertos/drivers/fsl_port.h:443:20:PORT_SetPinInterruptConfig	24	static
../source/lwip_mqtt_freertos.c:115:6:PORTA_IRQHandler	8	static
../source/lwip_mqtt_freertos.c:130:6:PORTC_IRQHandler	8	static
../source/lwip_mqtt_freertos.c:196:13:mqtt_topic_subscribed_cb	24	static
../source/lwip_mqtt_freertos.c:213:13:mqtt_incoming_publish_cb	24	static
../source/lwip_mqtt_freertos.c:223:13:mqtt_incoming_data_cb	64	dynamic
../source/lwip_mqtt_freertos.c:290:13:mqtt_subscribe_topics	40	static
../source/lwip_mqtt_freertos.c:318:13:mqtt_connection_cb	32	static
../source/lwip_mqtt_freertos.c:364:13:connect_to_mqtt	24	static
../source/lwip_mqtt_freertos.c:377:13:mqtt_message_published_cb	24	static
../source/lwip_mqtt_freertos.c:394:13:publish_message	48	static
../source/lwip_mqtt_freertos.c:405:13:publish_message_OFF	48	static
../source/lwip_mqtt_freertos.c:417:13:app_thread	48	static
../source/lwip_mqtt_freertos.c:505:13:generate_client_id	48	static
../source/lwip_mqtt_freertos.c:528:13:stack_init	56	static
../source/lwip_mqtt_freertos.c:581:5:main	24	static
../source/lwip_mqtt_freertos.c:635:13:Sw3TimerCallback	16	static
../source/lwip_mqtt_freertos.c:647:13:Sw2TimerCallback	16	static
